2026-09-02 11:13:25 - INFO - Datos recibidos para programación simple: {'nombre': 'prueba', 'bigquery_query': 'SELECT * FROM Temporal.sms_campaign_data', 'wolkvox_campaign_id': '20213', 'server_name': 'operacion-interna', 'campaign_type': 'predictive', 'fecha_programada': '2026-09-02T11:15', 'hora_fin': '11:16'}
2026-09-02 11:13:25 - INFO - Programando Wolkvox simple: nombre=prueba, fecha_programada=2026-09-02T11:15:00-05:00, hora_fin=11:16, campaign_id=20213, server_name=operacion-interna
2026-09-02 11:13:25 - INFO - Campaña de programación simple guardada en DB con ID: 16
2026-09-02 11:13:25 - INFO -  ✅ campaña programada creada para ID: 16 y se va a ejecutarse en 2026-09-02T11:15:00-05:00
2026-09-02 11:15:00 - INFO - Procesando campaña simple 1: prueba
2026-09-02 11:15:00 - INFO - Procesando campaña simple 2: prueba
2026-09-02 11:15:01 - INFO - Procesando campaña simple 3: prueba
2026-09-02 11:15:01 - INFO - Procesando campaña simple 4: prueba
2026-09-02 11:15:02 - INFO - Procesando campaña simple 5: prueba
2026-09-02 11:15:02 - INFO - Procesando campaña simple 6: prueba
2026-09-02 11:15:02 - INFO - Procesando campaña simple 7: prueba
2026-09-02 11:15:03 - INFO - Procesando campaña simple 8: prueba
2026-09-02 11:15:03 - INFO - Procesando campaña simple 9: prueba
2026-09-02 11:15:03 - INFO - Procesando campaña simple 10: prueba
2026-09-02 11:15:04 - INFO - Procesando campaña simple 11: prueba
2026-09-02 11:15:05 - INFO - Procesando campaña simple 12: prueba
2026-09-02 11:15:05 - INFO - Procesando campaña simple 13: prueba
2026-09-02 11:15:05 - INFO - Procesando campaña simple 14: prueba
2026-09-02 11:15:06 - INFO - Procesando campaña simple 15: prueba
2026-09-02 11:15:06 - INFO - Campaña simple 15: hora_inicio=00:00, hora_fin=13:20, hora_actual=11:15, fecha_ejecucion=None
2026-09-02 11:15:06 - INFO - Campaña simple 15 lista para ejecutar: hora_inicio=00:00, hora_fin=13:20, hora_actual=11:15
2026-09-02 11:15:06 - INFO - Ejecutando campaña simple 15: prueba (tipo: simple)
2026-09-02 11:15:06 - INFO - 📤 Ejecutando campaña simple 15: prueba
2026-09-02 11:15:19 - INFO - Procesando campaña simple 16: prueba
2026-09-02 11:15:19 - INFO - Campaña simple 16: hora_inicio=11:15, hora_fin=11:16, hora_actual=11:15, fecha_ejecucion=None
2026-09-02 11:15:19 - INFO - Campaña simple 16 lista para ejecutar: hora_inicio=11:15, hora_fin=11:16, hora_actual=11:15
2026-09-02 11:15:19 - INFO - Ejecutando campaña simple 16: prueba (tipo: simple)
2026-09-02 11:15:19 - INFO - 📤 Ejecutando campaña simple 16: prueba
2026-09-02 11:16:02 - INFO - Datos recibidos para programación simple: {'nombre': 'prueba', 'bigquery_query': 'SELECT * FROM Temporal.sms_campaign_data', 'wolkvox_campaign_id': '20213', 'server_name': 'operacion-interna', 'campaign_type': 'predictive', 'fecha_programada': '2026-09-02T11:17', 'hora_fin': '11:20'}
2026-09-02 11:16:02 - INFO - Programando Wolkvox simple: nombre=prueba, fecha_programada=2026-09-02T11:17:00-05:00, hora_fin=11:20, campaign_id=20213, server_name=operacion-interna
2026-09-02 11:16:02 - INFO - Campaña de programación simple guardada en DB con ID: 17
2026-09-02 11:16:02 - INFO -  ✅ campaña programada creada para ID: 17 y se va a ejecutarse en 2026-09-02T11:17:00-05:00
2026-09-02 11:17:00 - INFO - Procesando campaña simple 15: prueba
2026-09-02 11:17:00 - INFO - Procesando campaña simple 16: prueba
2026-09-02 11:17:00 - INFO - Procesando campaña simple 17: prueba
2026-09-02 11:17:00 - INFO - Campaña simple 17: hora_inicio=11:17, hora_fin=11:20, hora_actual=11:17, fecha_ejecucion=None
2026-09-02 11:17:00 - INFO - Campaña simple 17 lista para ejecutar: hora_inicio=11:17, hora_fin=11:20, hora_actual=11:17
2026-09-02 11:17:00 - INFO - Ejecutando campaña simple 17: prueba (tipo: simple)
2026-09-02 11:17:00 - INFO - 📤 Ejecutando campaña simple 17: prueba
2026-09-02 11:22:44 - INFO - Datos recibidos para programación simple: {'nombre': 'prueba', 'bigquery_query': 'SELECT * FROM Temporal.sms_campaign_data', 'wolkvox_campaign_id': '20213', 'server_name': 'operacion-interna', 'campaign_type': 'predictive', 'fecha_programada': '2026-09-02T11:24', 'hora_fin': '11:25'}
2026-09-02 11:22:44 - INFO - Programando Wolkvox simple: nombre=prueba, fecha_programada=2026-09-02T11:24:00-05:00, hora_fin=11:25, campaign_id=20213, server_name=operacion-interna
2026-09-02 11:22:44 - INFO - Campaña de programación simple guardada en DB con ID: 18
2026-09-02 11:22:44 - INFO -  ✅ campaña programada creada para ID: 18 y se va a ejecutarse en 2026-09-02T11:24:00-05:00
2026-09-02 11:24:00 - INFO - Procesando campaña simple 15: prueba
2026-09-02 11:24:00 - INFO - Procesando campaña simple 17: prueba
2026-09-02 11:24:00 - INFO - Procesando campaña simple 18: prueba
2026-09-02 11:24:00 - INFO - Campaña simple 18: hora_inicio=11:24, hora_fin=11:25, hora_actual=11:24, fecha_ejecucion=None
2026-09-02 11:24:00 - INFO - Campaña simple 18 lista para ejecutar: hora_inicio=11:24, hora_fin=11:25, hora_actual=11:24
2026-09-02 11:24:00 - INFO - Ejecutando campaña simple 18: prueba (tipo: simple)
2026-09-02 11:24:00 - INFO - 📤 Ejecutando campaña simple 18: prueba
